> hvigor [32mFinished :entry:default@PreBuild... after 170 ms [39m
> hvigor [32mFinished :entry:default@CreateModuleInfo... after 1 ms [39m
> hvigor [32mUP-TO-DATE :entry:default@GenerateMetadata...  [39m
> hvigor [32mFinished :entry:default@ConfigureCmake... after 1 ms [39m
> hvigor [32mUP-TO-DATE :entry:default@MergeProfile...  [39m
> hvigor [32mUP-TO-DATE :entry:default@CreateBuildProfile...  [39m
> hvigor [32mFinished :entry:default@PreCheckSyscap... after 1 ms [39m
> hvigor [32mFinished :entry:default@GeneratePkgContextInfo... after 7 ms [39m
> hvigor [32mUP-TO-DATE :entry:default@GeneratePkgSdkInfo...  [39m
> hvigor [32mFinished :entry:default@ProcessIntegratedHsp... after 2 ms [39m
> hvigor [32mFinished :entry:default@BuildNativeWithCmake... after 1 ms [39m
> hvigor [32mUP-TO-DATE :entry:default@MakePackInfo...  [39m
> hvigor [32mFinished :entry:default@SyscapTransform... after 14 ms [39m
> hvigor [32mUP-TO-DATE :entry:default@ProcessProfile...  [39m
> hvigor [32mUP-TO-DATE :entry:default@ProcessRouterMap...  [39m
> hvigor [32mUP-TO-DATE :entry:default@ProcessShareConfig...  [39m
> hvigor [32mFinished :entry:default@ProcessStartupConfig... after 2 ms [39m
> hvigor [32mFinished :entry:default@BuildNativeWithNinja... after 1 ms [39m
> hvigor [32mUP-TO-DATE :entry:default@ProcessResource...  [39m
> hvigor [32mUP-TO-DATE :entry:default@GenerateLoaderJson...  [39m
> hvigor [32mUP-TO-DATE :entry:default@ProcessLibs...  [39m
> hvigor [32mUP-TO-DATE :entry:default@CompileResource...  [39m
> hvigor [32mUP-TO-DATE :entry:default@DoNativeStrip...  [39m
> hvigor [32mFinished :entry:default@BuildJS... after 5 ms [39m
> hvigor [32mUP-TO-DATE :entry:default@CacheNativeLibs...  [39m
node : > hvigor [33mWARN: [33mWARN: [33m[33mArkTS:WARN File: D:/XingKeyTarot/entry/src/main/ets/pages/SplashPage.et
s:42:14
所在位置 行:1 字符: 225
+ ... ngKeyTarot; node "D:/HarmonyOS/DevEco Studio/tools/hvigor/bin/hvigorw ...
+                 ~~~~~~~~~~~~~~~~~~~~~~~~~~~~~~~~~~~~~~~~~~~~~~~~~~~~~~~~~
    + CategoryInfo          : NotSpecified: (> hvigor [33mW...hPage.ets:42:14:String) [], RemoteException
    + FullyQualifiedErrorId : NativeCommandError
 
 'replaceUrl' has been deprecated.
[39m[39m
[33mWARN: [33m[33mArkTS:WARN File: D:/XingKeyTarot/entry/src/main/ets/pages/Index.ets:505:32
 'px2vp' has been deprecated.
[39m[39m
[33mWARN: [33m[33mArkTS:WARN File: D:/XingKeyTarot/entry/src/main/ets/pages/OnboardingPage.ets:201:14
 'replaceUrl' has been deprecated.
[39m[39m
[33mWARN: [33m[33mArkTS:WARN File: D:/XingKeyTarot/entry/src/main/ets/components/AppBackButton.ets:42:14
 'back' has been deprecated.
[39m[39m
[33mWARN: [33m[33mArkTS:WARN File: D:/XingKeyTarot/entry/src/main/ets/components/AppBackButton.ets:48:18
 'replaceUrl' has been deprecated.
[39m[39m
[33mWARN: [33m[33mArkTS:WARN File: D:/XingKeyTarot/entry/src/main/ets/pages/AskHeartPage.ets:60:50
 'getParams' has been deprecated.
[39m[39m
[33mWARN: [33m[33mArkTS:WARN File: D:/XingKeyTarot/entry/src/main/ets/pages/AskHeartPage.ets:66:94
 'getContext' has been deprecated.
[39m[39m
[33mWARN: [33m[33mArkTS:WARN File: D:/XingKeyTarot/entry/src/main/ets/pages/AskHeartPage.ets:69:70
 'getContext' has been deprecated.
[39m[39m
[33mWARN: [33m[33mArkTS:WARN File: D:/XingKeyTarot/entry/src/main/ets/pages/AskHeartPage.ets:391:14
 'pushUrl' has been deprecated.
[39m[39m
[33mWARN: [33m[33mArkTS:WARN File: D:/XingKeyTarot/entry/src/main/ets/pages/AskHeartPage.ets:395:7
 Function may throw exceptions. Special handling is required.
[39m[39m
[33mWARN: [33m[33mArkTS:WARN File: D:/XingKeyTarot/entry/src/main/ets/pages/AskHeartPage.ets:406:51
 'getContext' has been deprecated.
[39m[39m
[33mWARN: [33m[33mArkTS:WARN File: D:/XingKeyTarot/entry/src/main/ets/pages/AskHeartPage.ets:422:14
 'replaceUrl' has been deprecated.
[39m[39m
[33mWARN: [33m[33mArkTS:WARN File: D:/XingKeyTarot/entry/src/main/ets/pages/CardDrawPage.ets:67:50
 'getParams' has been deprecated.
[39m[39m
[33mWARN: [33m[33mArkTS:WARN File: D:/XingKeyTarot/entry/src/main/ets/pages/CardDrawPage.ets:181:14
 'replaceUrl' has been deprecated.
[39m[39m
[33mWARN: [33m[33mArkTS:WARN File: D:/XingKeyTarot/entry/src/main/ets/pages/CardDrawPage.ets:185:7
 Function may throw exceptions. Special handling is required.
[39m[39m
[33mWARN: [33m[33mArkTS:WARN File: D:/XingKeyTarot/entry/src/main/ets/pages/CardDrawPage.ets:244:16
 The 'rotate' API is supported since SDK version 20. However, the current compatible SDK version is 5.0.0(12).
[39m[39m
[33mWARN: [33m[33mArkTS:WARN File: D:/XingKeyTarot/entry/src/main/ets/pages/ResultGoldenPage.ets:104:50
 'getParams' has been deprecated.
[39m[39m
[33mWARN: [33m[33mArkTS:WARN File: D:/XingKeyTarot/entry/src/main/ets/pages/ResultGoldenPage.ets:217:36
 'getContext' has been deprecated.
[39m[39m
[33mWARN: [33m[33mArkTS:WARN File: D:/XingKeyTarot/entry/src/main/ets/pages/ResultGoldenPage.ets:468:59
 'getContext' has been deprecated.
[39m[39m
[33mWARN: [33m[33mArkTS:WARN File: D:/XingKeyTarot/entry/src/main/ets/pages/ResultGoldenPage.ets:469:22
 'replaceUrl' has been deprecated.
[39m[39m
[33mWARN: [33m[33mArkTS:WARN File: D:/XingKeyTarot/entry/src/main/ets/pages/ResultGoldenPage.ets:471:22
 'replaceUrl' has been deprecated.
[39m[39m
[33mWARN: [33m[33mArkTS:WARN File: D:/XingKeyTarot/entry/src/main/ets/pages/ResultGoldenPage.ets:494:20
 'pushUrl' has been deprecated.
[39m[39m
[33mWARN: [33m[33mArkTS:WARN File: D:/XingKeyTarot/entry/src/main/ets/pages/ResultGoldenPage.ets:519:20
 'pushUrl' has been deprecated.
[39m[39m
[33mWARN: [33m[33mArkTS:WARN File: D:/XingKeyTarot/entry/src/main/ets/pages/ResultGoldenPage.ets:541:22
 'replaceUrl' has been deprecated.
[39m[39m
[33mWARN: [33m[33mArkTS:WARN File: D:/XingKeyTarot/entry/src/main/ets/pages/ResultGoldenPage.ets:629:20
 'pushUrl' has been deprecated.
[39m[39m
[33mWARN: [33m[33mArkTS:WARN File: D:/XingKeyTarot/entry/src/main/ets/pages/FollowUpPage.ets:41:50
 'getParams' has been deprecated.
[39m[39m
[33mWARN: [33m[33mArkTS:WARN File: D:/XingKeyTarot/entry/src/main/ets/pages/FollowUpPage.ets:220:18
 'back' has been deprecated.
[39m[39m
[33mWARN: [33m[33mArkTS:WARN File: D:/XingKeyTarot/entry/src/main/ets/common/SafeUiActions.ets:17:20
 'showToast' has been deprecated.
[39m[39m
[33mWARN: [33m[33mArkTS:WARN File: D:/XingKeyTarot/entry/src/main/ets/pages/ShareCardPage.ets:43:50
 'getParams' has been deprecated.
[39m[39m
[33mWARN: [33m[33mArkTS:WARN File: D:/XingKeyTarot/entry/src/main/ets/pages/ShareCardPage.ets:52:56
 'getContext' has been deprecated.
[39m[39m
[33mWARN: [33m[33mArkTS:WARN File: D:/XingKeyTarot/entry/src/main/ets/pages/EmotionStarPage.ets:35:50
 'getParams' has been deprecated.
[39m[39m
[33mWARN: [33m[33mArkTS:WARN File: D:/XingKeyTarot/entry/src/main/ets/pages/EmotionStarPage.ets:49:14
 'back' has been deprecated.
[39m[39m
[33mWARN: [33m[33mArkTS:WARN File: D:/XingKeyTarot/entry/src/main/ets/pages/EmotionStarPage.ets:54:16
 'replaceUrl' has been deprecated.
[39m[39m
[33mWARN: [33m[33mArkTS:WARN File: D:/XingKeyTarot/entry/src/main/ets/pages/LaunchPage.ets:31:71
 'getContext' has been deprecated.
[39m[39m
[33mWARN: [33m[33mArkTS:WARN File: D:/XingKeyTarot/entry/src/main/ets/pages/LaunchPage.ets:52:82
 'getContext' has been deprecated.
[39m[39m
[33mWARN: [33m[33mArkTS:WARN File: D:/XingKeyTarot/entry/src/main/ets/pages/LaunchPage.ets:54:48
 'getContext' has been deprecated.
[39m[39m
[33mWARN: [33m[33mArkTS:WARN File: D:/XingKeyTarot/entry/src/main/ets/pages/LaunchPage.ets:57:83
 'getContext' has been deprecated.
[39m[39m
[33mWARN: [33m[33mArkTS:WARN File: D:/XingKeyTarot/entry/src/main/ets/pages/LaunchPage.ets:59:53
 'getContext' has been deprecated.
[39m[39m
[33mWARN: [33m[33mArkTS:WARN File: D:/XingKeyTarot/entry/src/main/ets/pages/LaunchPage.ets:65:14
 'replaceUrl' has been deprecated.
[39m[39m
[33mWARN: [33m[33mArkTS:WARN File: D:/XingKeyTarot/entry/src/main/ets/pages/LaunchPage.ets:73:14
 'replaceUrl' has been deprecated.
[39m[39m
[33mWARN: [33m[33mArkTS:WARN File: D:/XingKeyTarot/entry/src/main/ets/pages/LaunchPage.ets:88:41
 'getContext' has been deprecated.
[39m[39m
[33mWARN: [33m[33mArkTS:WARN File: D:/XingKeyTarot/entry/src/main/ets/pages/LaunchPage.ets:105:14
 'back' has been deprecated.
[39m[39m
[33mWARN: [33m[33mArkTS:WARN File: D:/XingKeyTarot/entry/src/main/ets/pages/LaunchPage.ets:116:14
 'pushUrl' has been deprecated.
[39m[39m
[33mWARN: [33m[33mArkTS:WARN File: D:/XingKeyTarot/entry/src/main/ets/pages/LaunchPage.ets:127:14
 'pushUrl' has been deprecated.
[39m[39m
[33mWARN: [33m[33mArkTS:WARN File: D:/XingKeyTarot/entry/src/main/ets/pages/HomePage.ets:1095:66
 'getContext' has been deprecated.
[39m[39m
[33mWARN: [33m[33mArkTS:WARN File: D:/XingKeyTarot/entry/src/main/ets/pages/HomePage.ets:1096:55
 'getContext' has been deprecated.
[39m[39m
[33mWARN: [33m[33mArkTS:WARN File: D:/XingKeyTarot/entry/src/main/ets/pages/HomePage.ets:1109:92
 'getContext' has been deprecated.
[39m[39m
[33mWARN: [33m[33mArkTS:WARN File: D:/XingKeyTarot/entry/src/main/ets/pages/HomePage.ets:1133:66
 'getContext' has been deprecated.
[39m[39m
[33mWARN: [33m[33mArkTS:WARN File: D:/XingKeyTarot/entry/src/main/ets/pages/HomePage.ets:1208:14
 'pushUrl' has been deprecated.
[39m[39m
[33mWARN: [33m[33mArkTS:WARN File: D:/XingKeyTarot/entry/src/main/ets/pages/HomePage.ets:1217:14
 'pushUrl' has been deprecated.
[39m[39m
[33mWARN: [33m[33mArkTS:WARN File: D:/XingKeyTarot/entry/src/main/ets/pages/HomePage.ets:1319:24
 'pushUrl' has been deprecated.
[39m[39m
[33mWARN: [33m[33mArkTS:WARN File: D:/XingKeyTarot/entry/src/main/ets/pages/TriangleIntroPage.ets:144:24
 'pushUrl' has been deprecated.
[39m[39m
[33mWARN: [33m[33mArkTS:WARN File: D:/XingKeyTarot/entry/src/main/ets/pages/TriangleDrawPage.ets:68:50
 'getParams' has been deprecated.
[39m[39m
[33mWARN: [33m[33mArkTS:WARN File: D:/XingKeyTarot/entry/src/main/ets/pages/TriangleDrawPage.ets:124:7
 'animateTo' has been deprecated.
[39m[39m
[33mWARN: [33m[33mArkTS:WARN File: D:/XingKeyTarot/entry/src/main/ets/pages/TriangleDrawPage.ets:156:14
 'replaceUrl' has been deprecated.
[39m[39m
[33mWARN: [33m[33mArkTS:WARN File: D:/XingKeyTarot/entry/src/main/ets/pages/TriangleResultPage.ets:66:50
 'getParams' has been deprecated.
[39m[39m
[33mWARN: [33m[33mArkTS:WARN File: D:/XingKeyTarot/entry/src/main/ets/pages/TriangleResultPage.ets:125:36
 'getContext' has been deprecated.
[39m[39m
[33mWARN: [33m[33mArkTS:WARN File: D:/XingKeyTarot/entry/src/main/ets/pages/TriangleResultPage.ets:350:20
 'pushUrl' has been deprecated.
[39m[39m
[33mWARN: [33m[33mArkTS:WARN File: D:/XingKeyTarot/entry/src/main/ets/pages/TriangleResultPage.ets:387:20
 'replaceUrl' has been deprecated.
[39m[39m
[33mWARN: [33m[33mArkTS:WARN File: D:/XingKeyTarot/entry/src/main/ets/pages/RelationIntroPage.ets:143:24
 'pushUrl' has been deprecated.
[39m[39m
[33mWARN: [33m[33mArkTS:WARN File: D:/XingKeyTarot/entry/src/main/ets/pages/RelationDrawPage.ets:66:50
 'getParams' has been deprecated.
[39m[39m
[33mWARN: [33m[33mArkTS:WARN File: D:/XingKeyTarot/entry/src/main/ets/pages/RelationDrawPage.ets:116:7
 'animateTo' has been deprecated.
[39m[39m
[33mWARN: [33m[33mArkTS:WARN File: D:/XingKeyTarot/entry/src/main/ets/pages/RelationDrawPage.ets:144:14
 'replaceUrl' has been deprecated.
[39m[39m
[33mWARN: [33m[33mArkTS:WARN File: D:/XingKeyTarot/entry/src/main/ets/pages/RelationResultPage.ets:57:50
 'getParams' has been deprecated.
[39m[39m
[33mWARN: [33m[33mArkTS:WARN File: D:/XingKeyTarot/entry/src/main/ets/pages/RelationResultPage.ets:108:36
 'getContext' has been deprecated.
[39m[39m
[33mWARN: [33m[33mArkTS:WARN File: D:/XingKeyTarot/entry/src/main/ets/pages/RelationResultPage.ets:352:20
 'pushUrl' has been deprecated.
[39m[39m
[33mWARN: [33m[33mArkTS:WARN File: D:/XingKeyTarot/entry/src/main/ets/pages/RelationResultPage.ets:386:20
 'replaceUrl' has been deprecated.
[39m[39m
[33mWARN: [33m[33mArkTS:WARN File: D:/XingKeyTarot/entry/src/main/ets/pages/HistoryPage.ets:47:94
 'getContext' has been deprecated.
[39m[39m
[33mWARN: [33m[33mArkTS:WARN File: D:/XingKeyTarot/entry/src/main/ets/pages/HistoryPage.ets:50:70
 'getContext' has been deprecated.
[39m[39m
[33mWARN: [33m[33mArkTS:WARN File: D:/XingKeyTarot/entry/src/main/ets/pages/HistoryPage.ets:60:76
 'getContext' has been deprecated.
[39m[39m
[33mWARN: [33m[33mArkTS:WARN File: D:/XingKeyTarot/entry/src/main/ets/pages/HistoryPage.ets:126:17
 'show' has been deprecated.
[39m[39m
[33mWARN: [33m[33mArkTS:WARN File: D:/XingKeyTarot/entry/src/main/ets/pages/HistoryPage.ets:147:17
 'show' has been deprecated.
[39m[39m
[33mWARN: [33m[33mArkTS:WARN File: D:/XingKeyTarot/entry/src/main/ets/pages/HistoryPage.ets:169:63
 'getContext' has been deprecated.
[39m[39m
[33mWARN: [33m[33mArkTS:WARN File: D:/XingKeyTarot/entry/src/main/ets/pages/HistoryPage.ets:183:62
 'getContext' has been deprecated.
[39m[39m
[33mWARN: [33m[33mArkTS:WARN File: D:/XingKeyTarot/entry/src/main/ets/pages/HistoryPage.ets:224:14
 'replaceUrl' has been deprecated.
[39m[39m
[33mWARN: [33m[33mArkTS:WARN File: D:/XingKeyTarot/entry/src/main/ets/pages/HistoryPage.ets:473:16
 'pushUrl' has been deprecated.
[39m[39m
[33mWARN: [33m[33mArkTS:WARN File: D:/XingKeyTarot/entry/src/main/ets/pages/HistoryDetailPage.ets:29:55
 'getParams' has been deprecated.
[39m[39m
[33mWARN: [33m[33mArkTS:WARN File: D:/XingKeyTarot/entry/src/main/ets/pages/HistoryDetailPage.ets:47:86
 'getContext' has been deprecated.
[39m[39m
[33mWARN: [33m[33mArkTS:WARN File: D:/XingKeyTarot/entry/src/main/ets/pages/HistoryDetailPage.ets:60:17
 'show' has been deprecated.
[39m[39m
[33mWARN: [33m[33mArkTS:WARN File: D:/XingKeyTarot/entry/src/main/ets/pages/HistoryDetailPage.ets:82:63
 'getContext' has been deprecated.
[39m[39m
[33mWARN: [33m[33mArkTS:WARN File: D:/XingKeyTarot/entry/src/main/ets/pages/HistoryDetailPage.ets:90:16
 'back' has been deprecated.
[39m[39m
[33mWARN: [33m[33mArkTS:WARN File: D:/XingKeyTarot/entry/src/main/ets/pages/HistoryDetailPage.ets:94:18
 'replaceUrl' has been deprecated.
[39m[39m
[33mWARN: [33m[33mArkTS:WARN File: D:/XingKeyTarot/entry/src/main/ets/pages/HistoryDetailPage.ets:101:16
 'back' has been deprecated.
[39m[39m
[33mWARN: [33m[33mArkTS:WARN File: D:/XingKeyTarot/entry/src/main/ets/pages/HistoryDetailPage.ets:150:24
 'back' has been deprecated.
[39m[39m
[33mWARN: [33m[33mArkTS:WARN File: D:/XingKeyTarot/entry/src/main/ets/pages/SettingsPage.ets:41:58
 'getContext' has been deprecated.
[39m[39m
[33mWARN: [33m[33mArkTS:WARN File: D:/XingKeyTarot/entry/src/main/ets/pages/SettingsPage.ets:61:22
 'replaceUrl' has been deprecated.
[39m[39m
[33mWARN: [33m[33mArkTS:WARN File: D:/XingKeyTarot/entry/src/main/ets/pages/SettingsPage.ets:90:14
 'replaceUrl' has been deprecated.
[39m[39m
[33mWARN: [33m[33mArkTS:WARN File: D:/XingKeyTarot/entry/src/main/ets/pages/SettingsPage.ets:166:22
 'pushUrl' has been deprecated.
[39m[39m
[33mWARN: [33m[33mArkTS:WARN File: D:/XingKeyTarot/entry/src/main/ets/pages/MainFramePage.ets:37:52
 'getParams' has been deprecated.
[39m[39m
[33mWARN: [33m[33mArkTS:WARN File: D:/XingKeyTarot/entry/src/main/ets/pages/MainFramePage.ets:63:44
 'getContext' has been deprecated.
[39m[39m
[33mWARN: [33m[33mArkTS:WARN File: D:/XingKeyTarot/entry/src/main/ets/pages/MainFramePage.ets:87:16
 'pushUrl' has been deprecated.
[39m[39m
[33mWARN: [33m[33mArkTS:WARN File: D:/XingKeyTarot/entry/src/main/ets/pages/MainFramePage.ets:233:20
 'pushUrl' has been deprecated.
[39m[39m
[33mWARN: [33m[33mArkTS:WARN File: D:/XingKeyTarot/entry/src/main/ets/pages/MainFramePage.ets:246:20
 'pushUrl' has been deprecated.
[39m[39m
[33mWARN: [33m[33mArkTS:WARN File: D:/XingKeyTarot/entry/src/main/ets/pages/MainFramePage.ets:259:20
> hvigor [32mFinished :entry:default@CompileArkTS... after 6 s 953 ms [39m
 'pushUrl' has been deprecated.
[39m[39m
[33mWARN: [33m[33mArkTS:WARN File: D:/XingKeyTarot/entry/src/main/ets/pages/MainFramePage.ets:272:20
 'pushUrl' has been deprecated.
[39m[39m
[33mWARN: [33m[33mArkTS:WARN File: D:/XingKeyTarot/entry/src/main/ets/pages/MainFramePage.ets:285:20
 'pushUrl' has been deprecated.
[39m[39m
[33mWARN: [33m[33mArkTS:WARN File: D:/XingKeyTarot/entry/src/main/ets/pages/MainFramePage.ets:456:20
 'pushUrl' has been deprecated.
[39m[39m
[33mWARN: [33m[33mArkTS:WARN File: D:/XingKeyTarot/entry/src/main/ets/pages/MainFramePage.ets:705:14
 'pushUrl' has been deprecated.
[39m[39m
[33mWARN: [33m[33mArkTS:WARN File: D:/XingKeyTarot/entry/src/main/ets/pages/MainFramePage.ets:915:58
 'getContext' has been deprecated.
[39m[39m
[33mWARN: [33m[33mArkTS:WARN File: D:/XingKeyTarot/entry/src/main/ets/pages/MainFramePage.ets:1002:20
 'pushUrl' has been deprecated.
[39m[39m
[33mWARN: [33m[33mArkTS:WARN File: D:/XingKeyTarot/entry/src/main/ets/pages/DivinationCenterPage.ets:44:20
 'pushUrl' has been deprecated.
[39m[39m
[33mWARN: [33m[33mArkTS:WARN File: D:/XingKeyTarot/entry/src/main/ets/pages/DivinationCenterPage.ets:57:20
 'pushUrl' has been deprecated.
[39m[39m
[33mWARN: [33m[33mArkTS:WARN File: D:/XingKeyTarot/entry/src/main/ets/pages/DivinationCenterPage.ets:70:20
 'pushUrl' has been deprecated.
[39m[39m
[33mWARN: [33m[33mArkTS:WARN File: D:/XingKeyTarot/entry/src/main/ets/pages/DivinationCenterPage.ets:83:20
 'pushUrl' has been deprecated.
[39m[39m
[33mWARN: [33m[33mArkTS:WARN File: D:/XingKeyTarot/entry/src/main/ets/pages/DivinationCenterPage.ets:96:20
 'pushUrl' has been deprecated.
[39m[39m
[33mWARN: [33m[33mArkTS:WARN File: D:/XingKeyTarot/entry/src/main/ets/pages/TarotCardsPage.ets:62:14
 'pushUrl' has been deprecated.
[39m[39m
[33mWARN: [33m[33mArkTS:WARN File: D:/XingKeyTarot/entry/src/main/ets/pages/TarotCardDetailPage.ets:49:29
 'getParams' has been deprecated.
[39m[39m
[33mWARN: [33m[33mArkTS:WARN File: D:/XingKeyTarot/entry/src/main/ets/pages/AboutPage.ets:48:14
 'pushUrl' has been deprecated.
[39m[39m
[33mWARN: [33m[33mArkTS:WARN File: D:/XingKeyTarot/entry/src/main/ets/pages/CardWheelModePage.ets:165:14
 'pushUrl' has been deprecated.
[39m[39m
[33mWARN: [33m[33mArkTS:WARN File: D:/XingKeyTarot/entry/src/main/ets/pages/CardWheelDrawPage.ets:182:50
 'getParams' has been deprecated.
[39m[39m
[33mWARN: [33m[33mArkTS:WARN File: D:/XingKeyTarot/entry/src/main/ets/pages/CardWheelDrawPage.ets:471:5
 'animateTo' has been deprecated.
[39m[39m
[33mWARN: [33m[33mArkTS:WARN File: D:/XingKeyTarot/entry/src/main/ets/pages/CardWheelDrawPage.ets:486:7
 'animateTo' has been deprecated.
[39m[39m
[33mWARN: [33m[33mArkTS:WARN File: D:/XingKeyTarot/entry/src/main/ets/pages/CardWheelDrawPage.ets:660:14
 'replaceUrl' has been deprecated.
[39m[39m
[33mWARN: [33m[33mArkTS:WARN File: D:/XingKeyTarot/entry/src/main/ets/pages/CardWheelDrawPage.ets:700:14
 'replaceUrl' has been deprecated.
[39m[39m
[39m
> hvigor [32mUP-TO-DATE :entry:default@GeneratePkgModuleJson...  [39m
> hvigor [32mFinished :entry:default@ProcessCompiledResources... after 1 ms [39m
> hvigor [33mWARN: WARNING: A terminally deprecated method in sun.misc.Unsafe has been called
WARNING: sun.misc.Unsafe::arrayBaseOffset has been called by com.alibaba.fastjson2.util.JDKUtils (file:/D:/HarmonyOS/De
vEco%20Studio/sdk/default/openharmony/toolchains/lib/app_packing_tool.jar)
WARNING: Please consider reporting this to the maintainers of class com.alibaba.fastjson2.util.JDKUtils
WARNING: sun.misc.Unsafe::arrayBaseOffset will be removed in a future release
[39m
> hvigor [32mFinished :entry:default@PackageHap... after 908 ms [39m
> hvigor [32mFinished :entry:default@PackingCheck... after 14 ms [39m
> hvigor [32mFinished :entry:default@SignHap... after 2 s 773 ms [39m
> hvigor [32mFinished :entry:default@CollectDebugSymbol... after 2 ms [39m
> hvigor [32mFinished :entry:assembleHap... after 1 ms [39m
> hvigor [32mBUILD SUCCESSFUL in 16 s 979 ms [39m
